// Jest Snapshot v1, https://goo.gl/fbAQLP

exports[`components/iconWrapper should render 1`] = `<iconWrapper />`;
