// Jest Snapshot v1, https://goo.gl/fbAQLP

exports[`components/inline should render 1`] = `
<div
  className="inline-items proposal-subtitle"
>
  <span
    className="proposal-subtitle-item"
    key="0"
  >
    speakerName
  </span>
  <span
    className="inline-items-separator"
    key="1-separator"
  >
    â€¢
  </span>
  <span
    className="proposal-subtitle-item"
    key="1"
  >
    categoryLabel
  </span>
</div>
`;
