// Jest Snapshot v1, https://goo.gl/fbAQLP

exports[`components/loader LoadingIndicator should render 1`] = `
<LoadingIndicator
  className="c"
/>
`;
