// Jest Snapshot v1, https://goo.gl/fbAQLP

exports[`components/radiogroup should render 1`] = `
<RadioGroup
  inline={false}
  name="name"
  noError={false}
  value="value"
>
  <span>
    child1
  </span>
  <span>
    child2
  </span>
</RadioGroup>
`;
