// Jest Snapshot v1, https://goo.gl/fbAQLP

exports[`components/renderRadio should render 1`] = `
<RadioBox
  checked={false}
  name="name"
  value="value"
>
  label
</RadioBox>
`;
