// Jest Snapshot v1, https://goo.gl/fbAQLP

exports[`components/renderField should render 1`] = `
<WithSizes
  error="error"
  name="boo"
>
  <input
    id="boo"
    name="boo"
    type="radio"
  />
</WithSizes>
`;
