// Jest Snapshot v1, https://goo.gl/fbAQLP

exports[`components/timer should render with children 1`] = `"timer"`;

exports[`components/timer should start when enable 1`] = `
<Timer
  delay={20}
  enabled={true}
  onFinish={[Function]}
>
  timer
</Timer>
`;
