// Jest Snapshot v1, https://goo.gl/fbAQLP

exports[`components/backdrop should render 1`] = `
<div
  className="backdrop"
  role="button"
/>
`;
