// Jest Snapshot v1, https://goo.gl/fbAQLP

exports[`components/step should render 1`] = `
<div
  className="step-icon step-active"
>
  <i
    className="fa-check"
  />
</div>
`;
