// Jest Snapshot v1, https://goo.gl/fbAQLP

exports[`components/badge should not render when no children 1`] = `null`;

exports[`components/badge should render with children 1`] = `
<span
  className="cc-badge cc-badge-primary test"
  style={undefined}
>
  Benjamin
</span>
`;
